// Jest Snapshot v1, https://goo.gl/fbAQLP

exports[`Should correctly render LoadingPage 1`] = `<loadingPage />`;
